
> build
> vite build

[36mvite v8.0.8 [32mbuilding client environment for production...[36m[39m
[plugin @laravel/vite-plugin-wayfinder] Types generated for actions, routes, form variants
[2K
node.exe : [33m[plugin builtin:vite-alias] rewrote @/routes to /resources/js/routes but was not an absolute path and 
was not handled by other plugins. This will lead to duplicated modules for the same path. To avoid duplicating 
modules, you should resolve to an absolute path.[39m
At line:1 char:1
+ & "C:\Program Files\nodejs/node.exe" "C:\Users\HP\AppData\Roaming\npm ...
+ ~~~~~~~~~~~~~~~~~~~~~~~~~~~~~~~~~~~~~~~~~~~~~~~~~~~~~~~~~~~~~~~~~~~~~
    + CategoryInfo          : NotSpecified: ([33m[plugin bu...lute path.[39m:String) [], RemoteException
    + FullyQualifiedErrorId : NativeCommandError
 
[33m[plugin builtin:vite-alias] rewrote @/routes to /resources/js/routes but was not an absolute path and was not 
handled by other plugins. This will lead to duplicated modules for the same path. To avoid duplicating modules, you 
should resolve to an absolute path.[39m
[33m[plugin builtin:vite-alias] rewrote @/routes to /resources/js/routes but was not an absolute path and was not 
handled by other plugins. This will lead to duplicated modules for the same path. To avoid duplicating modules, you 
should resolve to an absolute path.[39m
[33m[plugin builtin:vite-alias] rewrote @/routes to /resources/js/routes but was not an absolute path and was not 
handled by other plugins. This will lead to duplicated modules for the same path. To avoid duplicating modules, you 
should resolve to an absolute path.[39m
[33m[plugin builtin:vite-alias] rewrote @/routes to /resources/js/routes but was not an absolute path and was not 
handled by other plugins. This will lead to duplicated modules for the same path. To avoid duplicating modules, you 
should resolve to an absolute path.[39m
[33m[plugin builtin:vite-alias] rewrote @/routes to /resources/js/routes but was not an absolute path and was not 
handled by other plugins. This will lead to duplicated modules for the same path. To avoid duplicating modules, you 
should resolve to an absolute path.[39m
transforming...Γ£ô 2672 modules transformed.
[31mΓ£ù[39m Build failed in 5.85s
[31merror during build:
[31mBuild failed with 1 error:

[31m[UNLOADABLE_DEPENDENCY] Error:[0m Could not load /resources/js/routes
   [38;5;246mΓò¡[0m[38;5;246mΓöÇ[0m[38;5;246m[[0m resources/js/pages/my-tasks.tsx:3:27 [38;5;246m][0m
   [38;5;246mΓöé[0m
 [38;5;246m3 Γöé[0m 
[38;5;249mi[0m[38;5;249mm[0m[38;5;249mp[0m[38;5;249mo[0m[38;5;249mr[0m[38;5;249mt[0m[38;5;249m 
[0m[38;5;249m{[0m[38;5;249m [0m[38;5;249mt[0m[38;5;249ma[0m[38;5;249ms[0m[38;5;249mk[0m[38;5;249ms[0m[3
8;5;249mM[0m[38;5;249mi[0m[38;5;249mn[0m[38;5;249me[0m[38;5;249m [0m[38;5;249m}[0m[38;5;249m 
[0m[38;5;249mf[0m[38;5;249mr[0m[38;5;249mo[0m[38;5;249mm[0m[38;5;249m [0m"@/routes"[38;5;249m;[0m
 [38;5;240m  Γöé[0m                           ΓöÇΓöÇΓöÇΓöÇΓöÇΓö¼ΓöÇΓöÇΓöÇΓöÇ  
 [38;5;240m  Γöé[0m                                Γò░ΓöÇΓöÇΓöÇΓöÇΓöÇΓöÇ The system cannot find the path specified. 
(os error 3)
[38;5;246mΓöÇΓöÇΓöÇΓò»[0m
[31m
    at aggregateBindingErrorsIntoJsError 
(file:///F:/Webdevelopment/Full%20apps/task_manager/node_modules/rolldown/dist/shared/error-w0u7biK-.mjs:48:18)
    at unwrapBindingResult 
(file:///F:/Webdevelopment/Full%20apps/task_manager/node_modules/rolldown/dist/shared/error-w0u7biK-.mjs:18:128)
    at #build (file:///F:/Webdevelopment/Full%20apps/task_manager/node_modules/rolldown/dist/shared/rolldown-build-DtGk
-m96.mjs:3313:34)
    at async buildEnvironment 
(file:///F:/Webdevelopment/Full%20apps/task_manager/node_modules/vite/dist/node/chunks/node.js:32954:64)
    at async Object.build 
(file:///F:/Webdevelopment/Full%20apps/task_manager/node_modules/vite/dist/node/chunks/node.js:33376:19)
    at async Object.buildApp 
(file:///F:/Webdevelopment/Full%20apps/task_manager/node_modules/vite/dist/node/chunks/node.js:33373:153)
    at async CAC.<anonymous> 
(file:///F:/Webdevelopment/Full%20apps/task_manager/node_modules/vite/dist/node/cli.js:778:3) {
  errors: [Getter/Setter]
}[39m
